
> recipe-website@0.1.0 build
> next build

   Γû▓ Next.js 15.5.9
   - Environments: .env

   Creating an optimized production build ...
 Γ£ô Compiled successfully in 24.0s
   Linting and checking validity of types ...
node.exe : Failed to 
compile.
At line:1 char:1
+ & "C:\Program Files\
nodejs/node.exe" 
"C:\Program 
Files\nodejs/node_mo 
...
+ ~~~~~~~~~~~~~~~~~~~~
~~~~~~~~~~~~~~~~~~~~~~
~~~~~~~~~~~~~~~~~~~~~~
~~~~~
    + CategoryInfo    
          : NotSpeci  
  fied: (Failed to    
 compile.:String)     
[], RemoteExcepti    
on
    + FullyQualifiedE 
   rrorId : NativeCo  
  mmandError
 

./src/app/recipes/[slu
g]/page.tsx:56:32
Type error: Type '{ 
category: { id: 
string; name: string; 
slug: string; 
imageUrl: string | 
null; createdAt: 
Date; }; nutrition: { 
id: string; calories: 
number; protein: 
number; carbs: 
number; fat: number; 
saturatedFat: number 
| null; ... 4 more 
...; recipeId: 
string; } | null; 
author: { ...; } | 
null; ingredients: { 
...; }[]; directi...' 
is not assignable to 
type 'Recipe'.
  Types of property 
'summary' are 
incompatible.
    Type 'string | 
null' is not 
assignable to type 
'string | undefined'.
      Type 'null' is 
not assignable to 
type 'string | 
undefined'.

[0m [90m 54 |[39m  
   })[33m;[39m
 [90m 55 |[39m
[31m[1m>[22m[39m[
90m 56 |[39m     
[36mreturn[39m [33m
<[39m[33mRecipeDetai
lClient[39m recipe[3
3m=[39m{recipe} [33m
/[39m[33m>[39m[33m
;[39m
 [90m    |[39m      
                      
    
[31m[1m^[22m[39m
 [90m 57 |[39m }
 [90m 58 |[39m[0m
Next.js build worker 
exited with code: 1 
and signal: null
